// Jest Snapshot v1, https://goo.gl/fbAQLP

exports[`Pruebas en el componente GifGridItem Debe mostrar el componente correctamente  1`] = `
<div
  className="card animate__animated animate__fadeIn"
>
  <img
    alt="Hello test"
    src="https://localhost/test.jpg"
  />
  <p>
    Hello test
  </p>
</div>
`;
